// Jest Snapshot v1, https://goo.gl/fbAQLP

exports[`Stuff element should render correct 1`] = `
<section
  className="sc-hHLeRK dPNuhk"
>
  <img
    alt="Check Print Shirt"
    className="sc-dmRaPn zCVrD"
    src="https://guesseu.scene7.com/is/image/GuessEU/M63H24W7JF0-L302-ALTGHOST?wid=1500&fmt=jpeg&qlt=80&op_sharpen=0&op_usm=1.0,1.0,5,0&iccEmbed=0"
  />
  <section
    className="sc-kgflAQ dbCiuf"
  >
    <h6
      className="sc-fLlhyt clxgpt"
    >
      Check Print Shirt
    </h6>
    <p
      className="sc-bBrHrO bXHGEt"
    >
      Grey+red+black
    </p>
    <p
      className="sc-bBrHrO bXHGEt"
    >
      Quantity: 1
    </p>
  </section>
  <p
    className="sc-ivTmOn bpCsUh"
  >
    110
    $
  </p>
</section>
`;
