// Jest Snapshot v1, https://goo.gl/fbAQLP

exports[`Dropdown addresses section render should render component correct 1`] = `
<Provider
  store={
    Object {
      "clearActions": [Function],
      "dispatch": [Function],
      "getActions": [Function],
      "getState": [Function],
      "replaceReducer": [Function],
      "subscribe": [Function],
    }
  }
>
  <DropdownAddresses
    autocomplete={[MockFunction]}
  >
    <styled.ul>
      <ul
        className="sc-gsnTZi iiYaAR"
      >
        <styled.li
          key="12234"
          onClick={[Function]}
        >
          <li
            className="sc-eCYdqJ hCLdSg"
            onClick={[Function]}
          >
            7a heros of Ukraine, Likhvitsy\`a, Ukraine
          </li>
        </styled.li>
        <styled.li
          key="3552"
          onClick={[Function]}
        >
          <li
            className="sc-eCYdqJ hCLdSg"
            onClick={[Function]}
          >
            35 Ivana Sirka, Sumy, Ukraine
          </li>
        </styled.li>
      </ul>
    </styled.ul>
  </DropdownAddresses>
</Provider>
`;
