// Jest Snapshot v1, https://goo.gl/fbAQLP

exports[`Payment component: should render correctly Order plate component 1`] = `
<Provider
  store={
    Object {
      "clearActions": [Function],
      "dispatch": [Function],
      "getActions": [Function],
      "getState": [Function],
      "replaceReducer": [Function],
      "subscribe": [Function],
    }
  }
>
  <BrowserRouter>
    <Router
      location={
        Object {
          "hash": "",
          "key": "default",
          "pathname": "/",
          "search": "",
          "state": null,
        }
      }
      navigationType="POP"
      navigator={
        Object {
          "action": "POP",
          "back": [Function],
          "block": [Function],
          "createHref": [Function],
          "forward": [Function],
          "go": [Function],
          "listen": [Function],
          "location": Object {
            "hash": "",
            "key": "default",
            "pathname": "/",
            "search": "",
            "state": null,
          },
          "push": [Function],
          "replace": [Function],
        }
      }
    >
      <Payment>
        <Navigate>
          <styled.section>
            <section
              className="sc-BeQoi dbxsDW"
            >
              <Link
                to="/shipping"
              >
                <a
                  href="/shipping"
                  onClick={[Function]}
                >
                  Shipping
                </a>
              </Link>
               &gt;
              <Link
                to="/billing"
              >
                <a
                  href="/billing"
                  onClick={[Function]}
                >
                  Billing
                </a>
              </Link>
               &gt;
              <Link
                to="/payment"
              >
                <a
                  href="/payment"
                  onClick={[Function]}
                >
                  Payment
                </a>
              </Link>
            </section>
          </styled.section>
        </Navigate>
        <styled.div>
          <div
            className="sc-bczRLJ iLjvJl"
          >
            <styled.section>
              <section
                className="sc-kDDrLX hFYHf"
              >
                <styled.h4>
                  <h4
                    className="sc-iqcoie bSFIcJ"
                  >
                    Payment
                  </h4>
                </styled.h4>
              </section>
            </styled.section>
            <Form
              noValidate={true}
              onSubmit={[Function]}
            >
              <form
                className=""
                noValidate={true}
                onSubmit={[Function]}
              >
                <FormGroup
                  className="mb-4 position-relative"
                >
                  <div
                    className="mb-4 position-relative"
                  >
                    <FormLabel
                      className="mb-0"
                      column={false}
                      visuallyHidden={false}
                    >
                      <label
                        className="mb-0 form-label"
                      >
                        cardholder Name
                      </label>
                    </FormLabel>
                    <FormControl
                      id="cardholder"
                      isInvalid={false}
                      name="cardholder"
                      onBlur={[Function]}
                      onChange={[Function]}
                      placeholder="Name as it appears on your card"
                      type="text"
                      value=""
                    >
                      <input
                        className="form-control"
                        id="cardholder"
                        name="cardholder"
                        onBlur={[Function]}
                        onChange={[Function]}
                        placeholder="Name as it appears on your card"
                        type="text"
                        value=""
                      />
                    </FormControl>
                    <Feedback
                      tooltip={true}
                      type="invalid"
                    >
                      <div
                        className="invalid-tooltip"
                      />
                    </Feedback>
                  </div>
                </FormGroup>
                <FormGroup
                  className="mb-4 position-relative"
                >
                  <div
                    className="mb-4 position-relative"
                  >
                    <FormLabel
                      className="mb-1"
                      column={false}
                      visuallyHidden={false}
                    >
                      <label
                        className="mb-1 form-label"
                      >
                        Card Number
                      </label>
                    </FormLabel>
                    <InputGroup>
                      <div
                        className="input-group"
                      >
                        <Styled(FormControl)
                          aria-label="Card number"
                          autoComplete="cc-number"
                          id="cardNum"
                          isInvalid={false}
                          name="cardNum"
                          onBlur={[Function]}
                          onChange={[Function]}
                          onFocus={[Function]}
                          onKeyPress={[Function]}
                          placeholder="XXXX XXXX XXXX XXXX XXXX"
                          type="text"
                          value=""
                        >
                          <FormControl
                            aria-label="Card number"
                            autoComplete="cc-number"
                            className="sc-iBkjds bHhSWR"
                            id="cardNum"
                            isInvalid={false}
                            name="cardNum"
                            onBlur={[Function]}
                            onChange={[Function]}
                            onFocus={[Function]}
                            onKeyPress={[Function]}
                            placeholder="XXXX XXXX XXXX XXXX XXXX"
                            type="text"
                            value=""
                          >
                            <input
                              aria-label="Card number"
                              autoComplete="cc-number"
                              className="sc-iBkjds bHhSWR form-control"
                              id="cardNum"
                              name="cardNum"
                              onBlur={[Function]}
                              onChange={[Function]}
                              onFocus={[Function]}
                              onKeyPress={[Function]}
                              placeholder="XXXX XXXX XXXX XXXX XXXX"
                              type="text"
                              value=""
                            />
                          </FormControl>
                        </Styled(FormControl)>
                        <Feedback
                          tooltip={true}
                          type="invalid"
                        >
                          <div
                            className="invalid-tooltip"
                          />
                        </Feedback>
                      </div>
                    </InputGroup>
                  </div>
                </FormGroup>
                <FormGroup
                  className="mb-4 position-relative"
                >
                  <div
                    className="mb-4 position-relative"
                  >
                    <Row>
                      <div
                        className="row"
                      >
                        <Col
                          sm="4"
                          xs="5"
                        >
                          <div
                            className="col-sm-4 col-5"
                          >
                            <FormLabel
                              className="mb-1"
                              column={false}
                              visuallyHidden={false}
                            >
                              <label
                                className="mb-1 form-label"
                              >
                                Expire Date
                              </label>
                            </FormLabel>
                            <FormControl
                              aria-label="Expiry date in format MM YY"
                              autoComplete="cc-exp"
                              id="date"
                              isInvalid={false}
                              name="date"
                              onBlur={[Function]}
                              onChange={[Function]}
                              onFocus={[Function]}
                              onKeyDown={[Function]}
                              onKeyPress={[Function]}
                              placeholder="MM/YY"
                              type="text"
                              value=""
                            >
                              <input
                                aria-label="Expiry date in format MM YY"
                                autoComplete="cc-exp"
                                className="form-control"
                                id="date"
                                name="date"
                                onBlur={[Function]}
                                onChange={[Function]}
                                onFocus={[Function]}
                                onKeyDown={[Function]}
                                onKeyPress={[Function]}
                                placeholder="MM/YY"
                                type="text"
                                value=""
                              />
                            </FormControl>
                            <Feedback
                              tooltip={true}
                              type="invalid"
                            >
                              <div
                                className="invalid-tooltip"
                              />
                            </Feedback>
                          </div>
                        </Col>
                        <Col
                          sm="5"
                          xs="6"
                        >
                          <div
                            className="col-sm-5 col-6"
                          >
                            <FormLabel
                              className="mb-1"
                              column={false}
                              visuallyHidden={false}
                            >
                              <label
                                className="mb-1 form-label"
                              >
                                Security code
                              </label>
                            </FormLabel>
                            <FormControl
                              aria-label="CVC"
                              autoComplete="cc-csc"
                              id="cvv"
                              isInvalid={false}
                              name="cvv"
                              onBlur={[Function]}
                              onChange={[Function]}
                              onFocus={[Function]}
                              onKeyDown={[Function]}
                              onKeyPress={[Function]}
                              placeholder="CVC"
                              type="text"
                              value=""
                            >
                              <input
                                aria-label="CVC"
                                autoComplete="cc-csc"
                                className="form-control"
                                id="cvv"
                                name="cvv"
                                onBlur={[Function]}
                                onChange={[Function]}
                                onFocus={[Function]}
                                onKeyDown={[Function]}
                                onKeyPress={[Function]}
                                placeholder="CVC"
                                type="text"
                                value=""
                              />
                            </FormControl>
                            <Feedback
                              tooltip={true}
                              type="invalid"
                            >
                              <div
                                className="invalid-tooltip"
                              />
                            </Feedback>
                          </div>
                        </Col>
                      </div>
                    </Row>
                  </div>
                </FormGroup>
                <Styled(Button)
                  type="submit"
                  variant="primary"
                >
                  <Button
                    active={false}
                    className="sc-jqUVSM lirFSS"
                    disabled={false}
                    type="submit"
                    variant="primary"
                  >
                    <button
                      className="sc-jqUVSM lirFSS btn btn-primary"
                      disabled={false}
                      type="submit"
                    >
                      Pay Securely
                    </button>
                  </Button>
                </Styled(Button)>
              </form>
            </Form>
          </div>
        </styled.div>
      </Payment>
    </Router>
  </BrowserRouter>
</Provider>
`;
