// Jest Snapshot v1, https://goo.gl/fbAQLP

exports[`should match snapshot 1`] = `
Object {
  "asFragment": [Function],
  "baseElement": <body>
    <div>
      <section
        class="sc-BeQoi dbxsDW"
      >
        <a
          href="/shipping"
        >
          Shipping
        </a>
         &gt;
        <a
          href="/billing"
        >
          Billing
        </a>
         &gt;
        <a
          href="/payment"
        >
          Payment
        </a>
      </section>
      <div
        class="sc-bczRLJ iLjvJl"
      >
        <section
          class="sc-kDDrLX hFYHf"
        >
          <h4
            class="sc-iqcoie bSFIcJ"
          >
            Payment
          </h4>
        </section>
        <form
          class=""
          novalidate=""
        >
          <div
            class="mb-4 position-relative"
          >
            <label
              class="mb-0 form-label"
            >
              cardholder Name
            </label>
            <input
              class="form-control"
              id="cardholder"
              name="cardholder"
              placeholder="Name as it appears on your card"
              type="text"
              value=""
            />
            <div
              class="invalid-tooltip"
            />
          </div>
          <div
            class="mb-4 position-relative"
          >
            <label
              class="mb-1 form-label"
            >
              Card Number
            </label>
            <div
              class="input-group"
            >
              <input
                aria-label="Card number"
                autocomplete="cc-number"
                class="sc-iBkjds bHhSWR form-control"
                id="cardNum"
                name="cardNum"
                placeholder="XXXX XXXX XXXX XXXX XXXX"
                type="text"
                value=""
              />
              <div
                class="invalid-tooltip"
              />
            </div>
          </div>
          <div
            class="mb-4 position-relative"
          >
            <div
              class="row"
            >
              <div
                class="col-sm-4 col-5"
              >
                <label
                  class="mb-1 form-label"
                >
                  Expire Date
                </label>
                <input
                  aria-label="Expiry date in format MM YY"
                  autocomplete="cc-exp"
                  class="form-control"
                  id="date"
                  name="date"
                  placeholder="MM/YY"
                  type="text"
                  value=""
                />
                <div
                  class="invalid-tooltip"
                />
              </div>
              <div
                class="col-sm-5 col-6"
              >
                <label
                  class="mb-1 form-label"
                >
                  Security code
                </label>
                <input
                  aria-label="CVC"
                  autocomplete="cc-csc"
                  class="form-control"
                  id="cvv"
                  name="cvv"
                  placeholder="CVC"
                  type="text"
                  value=""
                />
                <div
                  class="invalid-tooltip"
                />
              </div>
            </div>
          </div>
          <button
            class="sc-jqUVSM lirFSS btn btn-primary"
            type="submit"
          >
            Pay Securely
          </button>
        </form>
      </div>
    </div>
  </body>,
  "container": <div>
    <section
      class="sc-BeQoi dbxsDW"
    >
      <a
        href="/shipping"
      >
        Shipping
      </a>
       &gt;
      <a
        href="/billing"
      >
        Billing
      </a>
       &gt;
      <a
        href="/payment"
      >
        Payment
      </a>
    </section>
    <div
      class="sc-bczRLJ iLjvJl"
    >
      <section
        class="sc-kDDrLX hFYHf"
      >
        <h4
          class="sc-iqcoie bSFIcJ"
        >
          Payment
        </h4>
      </section>
      <form
        class=""
        novalidate=""
      >
        <div
          class="mb-4 position-relative"
        >
          <label
            class="mb-0 form-label"
          >
            cardholder Name
          </label>
          <input
            class="form-control"
            id="cardholder"
            name="cardholder"
            placeholder="Name as it appears on your card"
            type="text"
            value=""
          />
          <div
            class="invalid-tooltip"
          />
        </div>
        <div
          class="mb-4 position-relative"
        >
          <label
            class="mb-1 form-label"
          >
            Card Number
          </label>
          <div
            class="input-group"
          >
            <input
              aria-label="Card number"
              autocomplete="cc-number"
              class="sc-iBkjds bHhSWR form-control"
              id="cardNum"
              name="cardNum"
              placeholder="XXXX XXXX XXXX XXXX XXXX"
              type="text"
              value=""
            />
            <div
              class="invalid-tooltip"
            />
          </div>
        </div>
        <div
          class="mb-4 position-relative"
        >
          <div
            class="row"
          >
            <div
              class="col-sm-4 col-5"
            >
              <label
                class="mb-1 form-label"
              >
                Expire Date
              </label>
              <input
                aria-label="Expiry date in format MM YY"
                autocomplete="cc-exp"
                class="form-control"
                id="date"
                name="date"
                placeholder="MM/YY"
                type="text"
                value=""
              />
              <div
                class="invalid-tooltip"
              />
            </div>
            <div
              class="col-sm-5 col-6"
            >
              <label
                class="mb-1 form-label"
              >
                Security code
              </label>
              <input
                aria-label="CVC"
                autocomplete="cc-csc"
                class="form-control"
                id="cvv"
                name="cvv"
                placeholder="CVC"
                type="text"
                value=""
              />
              <div
                class="invalid-tooltip"
              />
            </div>
          </div>
        </div>
        <button
          class="sc-jqUVSM lirFSS btn btn-primary"
          type="submit"
        >
          Pay Securely
        </button>
      </form>
    </div>
  </div>,
  "debug": [Function],
  "findAllByAltText": [Function],
  "findAllByDisplayValue": [Function],
  "findAllByLabelText": [Function],
  "findAllByPlaceholderText": [Function],
  "findAllByRole": [Function],
  "findAllByTestId": [Function],
  "findAllByText": [Function],
  "findAllByTitle": [Function],
  "findByAltText": [Function],
  "findByDisplayValue": [Function],
  "findByLabelText": [Function],
  "findByPlaceholderText": [Function],
  "findByRole": [Function],
  "findByTestId": [Function],
  "findByText": [Function],
  "findByTitle": [Function],
  "getAllByAltText": [Function],
  "getAllByDisplayValue": [Function],
  "getAllByLabelText": [Function],
  "getAllByPlaceholderText": [Function],
  "getAllByRole": [Function],
  "getAllByTestId": [Function],
  "getAllByText": [Function],
  "getAllByTitle": [Function],
  "getByAltText": [Function],
  "getByDisplayValue": [Function],
  "getByLabelText": [Function],
  "getByPlaceholderText": [Function],
  "getByRole": [Function],
  "getByTestId": [Function],
  "getByText": [Function],
  "getByTitle": [Function],
  "queryAllByAltText": [Function],
  "queryAllByDisplayValue": [Function],
  "queryAllByLabelText": [Function],
  "queryAllByPlaceholderText": [Function],
  "queryAllByRole": [Function],
  "queryAllByTestId": [Function],
  "queryAllByText": [Function],
  "queryAllByTitle": [Function],
  "queryByAltText": [Function],
  "queryByDisplayValue": [Function],
  "queryByLabelText": [Function],
  "queryByPlaceholderText": [Function],
  "queryByRole": [Function],
  "queryByTestId": [Function],
  "queryByText": [Function],
  "queryByTitle": [Function],
  "rerender": [Function],
  "unmount": [Function],
}
`;
